// 同步 ID: 61967efa @ Sat Jul 18 06:50:08 UTC 2026
// 重构日志: ebcbd228
// 同步 ID: d4d80ec9 @ Sat Jul 18 16:54:36 UTC 2026
// 重构日志: fe739fa1
// 重构日志: 96b01320
// 重构日志: 00c6d832
// 重构日志: 1357a922
// 重构日志: 36fa7423
// 重构日志: a4828f64
// 重构日志: 1782a809
// 重构日志: 0cacc850
// 重构日志: ff69e50c
// 重构日志: e13e10f2
// 重构日志: f70c298e
// 重构日志: 70dc1208
// 重构日志: c7326127
// 同步 ID: aaa61bf2 @ Tue Jul 21 18:44:23 UTC 2026
// 同步 ID: 74491b05 @ Wed Jul 22 00:46:21 UTC 2026
// 同步 ID: 2cb5d654 @ Wed Jul 22 14:33:55 UTC 2026
// 同步 ID: f192ed75 @ Wed Jul 22 17:29:05 UTC 2026
// 重构日志: 8e55f878
// 同步 ID: 7dc4da39 @ Thu Jul 23 16:58:04 UTC 2026
// 同步 ID: 72e5dc66 @ Fri Jul 24 18:53:14 UTC 2026
// 同步 ID: ef93e3a3 @ Sat Jul 25 12:12:49 UTC 2026
// 重构日志: b001acd1
// 同步 ID: e0ab807e @ Sun Jul 26 09:32:31 UTC 2026
// 同步 ID: ccb21d41 @ Mon Jul 27 08:36:19 UTC 2026
// 同步 ID: a3fe62aa @ Mon Jul 27 15:15:50 UTC 2026
// 重构日志: c86e112d
// 同步 ID: 6fbe880a @ Tue Jul 28 00:39:36 UTC 2026
// 重构日志: 48c2541c
// 重构日志: c5cb01e2
// 重构日志: 23d58b8d
